// Jest Snapshot v1, https://goo.gl/fbAQLP

exports[`GET /  Should return home page 1`] = `Object {}`;
